[0.043s] Invoking command in '/home/aditya/ros2_ws/build/tutorial_interfaces': /usr/bin/cmake /home/aditya/ros2_ws/src/tutorial_interfaces -DCMAKE_INSTALL_PREFIX=/home/aditya/ros2_ws/install/tutorial_interfaces
[0.076s] -- Found ament_cmake: 1.3.9 (/opt/ros/humble/share/ament_cmake/cmake)
[0.501s] -- Found ament_lint_auto: 0.12.11 (/opt/ros/humble/share/ament_lint_auto/cmake)
[0.682s] Error parsing '/home/aditya/ros2_ws/src/tutorial_interfaces/package.xml':
[0.820s] Traceback (most recent call last):
[0.820s]   File "/usr/lib/python3/dist-packages/catkin_pkg/package.py", line 610, in parse_package_string
[0.821s]     root = dom.parseString(data)
[0.821s]   File "/usr/lib/python3.10/xml/dom/minidom.py", line 2000, in parseString
[0.821s]     return expatbuilder.parseString(string)
[0.821s]   File "/usr/lib/python3.10/xml/dom/expatbuilder.py", line 925, in parseString
[0.822s]     return builder.parseString(string)
[0.822s]   File "/usr/lib/python3.10/xml/dom/expatbuilder.py", line 223, in parseString
[0.823s]     parser.Parse(string, True)
[0.823s] xml.parsers.expat.ExpatError: junk after document element: line 19, column 3
[0.823s] 
[0.823s] During handling of the above exception, another exception occurred:
[0.823s] 
[0.823s] Traceback (most recent call last):
[0.824s]   File "/opt/ros/humble/share/ament_cmake_core/cmake/core/package_xml_2_cmake.py", line 150, in <module>
[0.824s]     main()
[0.824s]   File "/opt/ros/humble/share/ament_cmake_core/cmake/core/package_xml_2_cmake.py", line 53, in main
[0.824s]     raise e
[0.824s]   File "/opt/ros/humble/share/ament_cmake_core/cmake/core/package_xml_2_cmake.py", line 49, in main
[0.824s]     package = parse_package_string(
[0.825s]   File "/usr/lib/python3/dist-packages/catkin_pkg/package.py", line 612, in parse_package_string
[0.835s]     raise InvalidPackage('The manifest contains invalid XML:\n%s' % ex, filename)
[0.836s] catkin_pkg.package.InvalidPackage: Error(s) in package '/home/aditya/ros2_ws/src/tutorial_interfaces/package.xml':
[0.836s] The manifest contains invalid XML:
[0.837s] junk after document element: line 19, column 3
[0.861s] [31mCMake Error at /opt/ros/humble/share/ament_cmake_core/cmake/core/ament_package_xml.cmake:95 (message):
[0.861s]   execute_process(/usr/bin/python3
[0.861s]   /opt/ros/humble/share/ament_cmake_core/cmake/core/package_xml_2_cmake.py
[0.861s]   /home/aditya/ros2_ws/src/tutorial_interfaces/package.xml
[0.862s]   /home/aditya/ros2_ws/build/tutorial_interfaces/ament_cmake_core/package.cmake)
[0.862s]   returned error code 1
[0.862s] Call Stack (most recent call first):
[0.862s]   /opt/ros/humble/share/ament_cmake_core/cmake/core/ament_package_xml.cmake:49 (_ament_package_xml)
[0.862s]   /opt/ros/humble/share/ament_lint_auto/cmake/ament_lint_auto_find_test_dependencies.cmake:31 (ament_package_xml)
[0.863s]   CMakeLists.txt:23 (ament_lint_auto_find_test_dependencies)
[0.863s] 
[0.863s] [0m
[0.863s] -- Configuring incomplete, errors occurred!
[0.863s] See also "/home/aditya/ros2_ws/build/tutorial_interfaces/CMakeFiles/CMakeOutput.log".
[0.870s] Invoked command in '/home/aditya/ros2_ws/build/tutorial_interfaces' returned '1': /usr/bin/cmake /home/aditya/ros2_ws/src/tutorial_interfaces -DCMAKE_INSTALL_PREFIX=/home/aditya/ros2_ws/install/tutorial_interfaces
