[0.000000] (-) TimerEvent: {}
[0.000355] (-) JobUnselected: {'identifier': 'examples_rclcpp_async_client'}
[0.000637] (-) JobUnselected: {'identifier': 'examples_rclcpp_cbg_executor'}
[0.000710] (-) JobUnselected: {'identifier': 'examples_rclcpp_minimal_action_client'}
[0.000758] (-) JobUnselected: {'identifier': 'examples_rclcpp_minimal_action_server'}
[0.000812] (-) JobUnselected: {'identifier': 'examples_rclcpp_minimal_client'}
[0.000858] (-) JobUnselected: {'identifier': 'examples_rclcpp_minimal_composition'}
[0.000909] (-) JobUnselected: {'identifier': 'examples_rclcpp_minimal_publisher'}
[0.000962] (-) JobUnselected: {'identifier': 'examples_rclcpp_minimal_service'}
[0.001008] (-) JobUnselected: {'identifier': 'examples_rclcpp_minimal_subscriber'}
[0.001059] (-) JobUnselected: {'identifier': 'examples_rclcpp_minimal_timer'}
[0.001112] (-) JobUnselected: {'identifier': 'examples_rclcpp_multithreaded_executor'}
[0.001158] (-) JobUnselected: {'identifier': 'examples_rclcpp_wait_set'}
[0.001209] (-) JobUnselected: {'identifier': 'examples_rclpy_executors'}
[0.001262] (-) JobUnselected: {'identifier': 'examples_rclpy_guard_conditions'}
[0.001383] (-) JobUnselected: {'identifier': 'examples_rclpy_minimal_action_client'}
[0.001456] (-) JobUnselected: {'identifier': 'examples_rclpy_minimal_action_server'}
[0.001529] (-) JobUnselected: {'identifier': 'examples_rclpy_minimal_client'}
[0.001594] (-) JobUnselected: {'identifier': 'examples_rclpy_minimal_publisher'}
[0.001640] (-) JobUnselected: {'identifier': 'examples_rclpy_minimal_service'}
[0.001696] (-) JobUnselected: {'identifier': 'examples_rclpy_minimal_subscriber'}
[0.001750] (-) JobUnselected: {'identifier': 'examples_rclpy_pointcloud_publisher'}
[0.001803] (-) JobUnselected: {'identifier': 'launch_testing_examples'}
[0.001857] (-) JobUnselected: {'identifier': 'my_package'}
[0.001910] (-) JobUnselected: {'identifier': 'py_pubsub'}
[0.001963] (-) JobUnselected: {'identifier': 'py_srvcli'}
[0.002016] (-) JobUnselected: {'identifier': 'turtlesim'}
[0.002075] (tutorial_interfaces) JobQueued: {'identifier': 'tutorial_interfaces', 'dependencies': OrderedDict()}
[0.002134] (tutorial_interfaces) JobStarted: {'identifier': 'tutorial_interfaces'}
[0.038733] (tutorial_interfaces) JobProgress: {'identifier': 'tutorial_interfaces', 'progress': 'cmake'}
[0.038884] (tutorial_interfaces) Command: {'cmd': ['/usr/bin/cmake', '/home/aditya/ros2_ws/src/tutorial_interfaces', '-DCMAKE_INSTALL_PREFIX=/home/aditya/ros2_ws/install/tutorial_interfaces'], 'cwd': '/home/aditya/ros2_ws/build/tutorial_interfaces', 'env': OrderedDict([('LESSOPEN', '| /usr/bin/lesspipe %s'), ('LANGUAGE', 'en_IN:en'), ('USER', 'aditya'), ('XDG_SESSION_TYPE', 'wayland'), ('SHLVL', '1'), ('LD_LIBRARY_PATH', '/home/aditya/install/examples_rclcpp_wait_set/lib:/home/aditya/install/examples_rclcpp_minimal_subscriber/lib:/home/aditya/install/examples_rclcpp_minimal_composition/lib:/opt/ros/humble/opt/rviz_ogre_vendor/lib:/opt/ros/humble/lib/x86_64-linux-gnu:/opt/ros/humble/lib'), ('HOME', '/home/aditya'), ('OLDPWD', '/home/aditya'), ('DESKTOP_SESSION', 'ubuntu'), ('ROS_PYTHON_VERSION', '3'), ('GNOME_SHELL_SESSION_MODE', 'ubuntu'), ('GTK_MODULES', 'gail:atk-bridge'), ('SYSTEMD_EXEC_PID', '3765'), ('DBUS_SESSION_BUS_ADDRESS', 'unix:path=/run/user/1000/bus'), ('COLORTERM', 'truecolor'), ('IM_CONFIG_PHASE', '1'), ('WAYLAND_DISPLAY', 'wayland-0'), ('COLCON_PREFIX_PATH', '/home/aditya/ros2_ws/install:/home/aditya/install'), ('ROS_DISTRO', 'humble'), ('LOGNAME', 'aditya'), ('_', '/usr/bin/colcon'), ('ROS_VERSION', '2'), ('XDG_SESSION_CLASS', 'user'), ('USERNAME', 'aditya'), ('TERM', 'xterm-256color'), ('GNOME_DESKTOP_SESSION_ID', 'this-is-deprecated'), ('ROS_LOCALHOST_ONLY', '0'), ('PATH', '/opt/ros/humble/bin:/usr/local/sbin:/usr/local/bin:/usr/sbin:/usr/bin:/sbin:/bin:/usr/games:/usr/local/games:/snap/bin:/snap/bin'), ('SESSION_MANAGER', 'local/ubuntu22:@/tmp/.ICE-unix/2689,unix/ubuntu22:/tmp/.ICE-unix/2689'), ('XDG_MENU_PREFIX', 'gnome-'), ('GNOME_TERMINAL_SCREEN', '/org/gnome/Terminal/screen/f3a62dc7_cb34_4211_94b0_c6f2c25bdad5'), ('GNOME_SETUP_DISPLAY', ':1'), ('XDG_RUNTIME_DIR', '/run/user/1000'), ('DISPLAY', ':0'), ('LANG', 'en_US.UTF-8'), ('XDG_CURRENT_DESKTOP', 'ubuntu:GNOME'), ('XMODIFIERS', '@im=ibus'), ('XDG_SESSION_DESKTOP', 'ubuntu'), ('XAUTHORITY', '/run/user/1000/.mutter-Xwaylandauth.EDI6P2'), ('LS_COLORS', 'rs=0:di=01;34:ln=01;36:mh=00:pi=40;33:so=01;35:do=01;35:bd=40;33;01:cd=40;33;01:or=40;31;01:mi=00:su=37;41:sg=30;43:ca=30;41:tw=30;42:ow=34;42:st=37;44:ex=01;32:*.tar=01;31:*.tgz=01;31:*.arc=01;31:*.arj=01;31:*.taz=01;31:*.lha=01;31:*.lz4=01;31:*.lzh=01;31:*.lzma=01;31:*.tlz=01;31:*.txz=01;31:*.tzo=01;31:*.t7z=01;31:*.zip=01;31:*.z=01;31:*.dz=01;31:*.gz=01;31:*.lrz=01;31:*.lz=01;31:*.lzo=01;31:*.xz=01;31:*.zst=01;31:*.tzst=01;31:*.bz2=01;31:*.bz=01;31:*.tbz=01;31:*.tbz2=01;31:*.tz=01;31:*.deb=01;31:*.rpm=01;31:*.jar=01;31:*.war=01;31:*.ear=01;31:*.sar=01;31:*.rar=01;31:*.alz=01;31:*.ace=01;31:*.zoo=01;31:*.cpio=01;31:*.7z=01;31:*.rz=01;31:*.cab=01;31:*.wim=01;31:*.swm=01;31:*.dwm=01;31:*.esd=01;31:*.jpg=01;35:*.jpeg=01;35:*.mjpg=01;35:*.mjpeg=01;35:*.gif=01;35:*.bmp=01;35:*.pbm=01;35:*.pgm=01;35:*.ppm=01;35:*.tga=01;35:*.xbm=01;35:*.xpm=01;35:*.tif=01;35:*.tiff=01;35:*.png=01;35:*.svg=01;35:*.svgz=01;35:*.mng=01;35:*.pcx=01;35:*.mov=01;35:*.mpg=01;35:*.mpeg=01;35:*.m2v=01;35:*.mkv=01;35:*.webm=01;35:*.webp=01;35:*.ogm=01;35:*.mp4=01;35:*.m4v=01;35:*.mp4v=01;35:*.vob=01;35:*.qt=01;35:*.nuv=01;35:*.wmv=01;35:*.asf=01;35:*.rm=01;35:*.rmvb=01;35:*.flc=01;35:*.avi=01;35:*.fli=01;35:*.flv=01;35:*.gl=01;35:*.dl=01;35:*.xcf=01;35:*.xwd=01;35:*.yuv=01;35:*.cgm=01;35:*.emf=01;35:*.ogv=01;35:*.ogx=01;35:*.aac=00;36:*.au=00;36:*.flac=00;36:*.m4a=00;36:*.mid=00;36:*.midi=00;36:*.mka=00;36:*.mp3=00;36:*.mpc=00;36:*.ogg=00;36:*.ra=00;36:*.wav=00;36:*.oga=00;36:*.opus=00;36:*.spx=00;36:*.xspf=00;36:'), ('GNOME_TERMINAL_SERVICE', ':1.117'), ('SSH_AGENT_LAUNCHER', 'gnome-keyring'), ('SSH_AUTH_SOCK', '/run/user/1000/keyring/ssh'), ('AMENT_PREFIX_PATH', '/home/aditya/ros2_ws/install/py_srvcli:/home/aditya/ros2_ws/install/py_pubsub:/home/aditya/ros2_ws/install/my_package:/home/aditya/ros2_ws/install/examples_rclcpp_async_client:/home/aditya/install/launch_testing_examples:/home/aditya/install/examples_rclpy_pointcloud_publisher:/home/aditya/install/examples_rclpy_minimal_subscriber:/home/aditya/install/examples_rclpy_minimal_service:/home/aditya/install/examples_rclpy_minimal_publisher:/home/aditya/install/examples_rclpy_minimal_client:/home/aditya/install/examples_rclpy_minimal_action_server:/home/aditya/install/examples_rclpy_minimal_action_client:/home/aditya/install/examples_rclpy_guard_conditions:/home/aditya/install/examples_rclpy_executors:/home/aditya/install/examples_rclcpp_wait_set:/home/aditya/install/examples_rclcpp_multithreaded_executor:/home/aditya/install/examples_rclcpp_minimal_timer:/home/aditya/install/examples_rclcpp_minimal_subscriber:/home/aditya/install/examples_rclcpp_minimal_service:/home/aditya/install/examples_rclcpp_minimal_publisher:/home/aditya/install/examples_rclcpp_minimal_composition:/home/aditya/install/examples_rclcpp_minimal_client:/home/aditya/install/examples_rclcpp_minimal_action_server:/home/aditya/install/examples_rclcpp_minimal_action_client:/home/aditya/install/examples_rclcpp_cbg_executor:/home/aditya/install/examples_rclcpp_async_client:/opt/ros/humble'), ('SHELL', '/bin/bash'), ('QT_ACCESSIBILITY', '1'), ('GDMSESSION', 'ubuntu'), ('LESSCLOSE', '/usr/bin/lesspipe %s %s'), ('QT_IM_MODULE', 'ibus'), ('PWD', '/home/aditya/ros2_ws/build/tutorial_interfaces'), ('LC_ALL', 'en_US.UTF-8'), ('XDG_CONFIG_DIRS', '/etc/xdg/xdg-ubuntu:/etc/xdg'), ('XDG_DATA_DIRS', '/usr/share/ubuntu:/usr/local/share/:/usr/share/:/var/lib/snapd/desktop'), ('PYTHONPATH', '/home/aditya/ros2_ws/install/py_srvcli/lib/python3.10/site-packages:/home/aditya/ros2_ws/install/py_pubsub/lib/python3.10/site-packages:/home/aditya/ros2_ws/install/my_package/lib/python3.10/site-packages:/home/aditya/build/launch_testing_examples:/home/aditya/install/launch_testing_examples/lib/python3.10/site-packages:/home/aditya/build/examples_rclpy_pointcloud_publisher:/home/aditya/install/examples_rclpy_pointcloud_publisher/lib/python3.10/site-packages:/home/aditya/build/examples_rclpy_minimal_subscriber:/home/aditya/install/examples_rclpy_minimal_subscriber/lib/python3.10/site-packages:/home/aditya/build/examples_rclpy_minimal_service:/home/aditya/install/examples_rclpy_minimal_service/lib/python3.10/site-packages:/home/aditya/build/examples_rclpy_minimal_publisher:/home/aditya/install/examples_rclpy_minimal_publisher/lib/python3.10/site-packages:/home/aditya/build/examples_rclpy_minimal_client:/home/aditya/install/examples_rclpy_minimal_client/lib/python3.10/site-packages:/home/aditya/build/examples_rclpy_minimal_action_server:/home/aditya/install/examples_rclpy_minimal_action_server/lib/python3.10/site-packages:/home/aditya/build/examples_rclpy_minimal_action_client:/home/aditya/install/examples_rclpy_minimal_action_client/lib/python3.10/site-packages:/home/aditya/build/examples_rclpy_guard_conditions:/home/aditya/install/examples_rclpy_guard_conditions/lib/python3.10/site-packages:/home/aditya/build/examples_rclpy_executors:/home/aditya/install/examples_rclpy_executors/lib/python3.10/site-packages:/opt/ros/humble/lib/python3.10/site-packages:/opt/ros/humble/local/lib/python3.10/dist-packages'), ('COLCON', '1'), ('VTE_VERSION', '6800'), ('CMAKE_PREFIX_PATH', '/home/aditya/ros2_ws/install/examples_rclcpp_async_client:/home/aditya/install/examples_rclcpp_wait_set:/home/aditya/install/examples_rclcpp_multithreaded_executor:/home/aditya/install/examples_rclcpp_minimal_timer:/home/aditya/install/examples_rclcpp_minimal_subscriber:/home/aditya/install/examples_rclcpp_minimal_service:/home/aditya/install/examples_rclcpp_minimal_publisher:/home/aditya/install/examples_rclcpp_minimal_composition:/home/aditya/install/examples_rclcpp_minimal_client:/home/aditya/install/examples_rclcpp_minimal_action_server:/home/aditya/install/examples_rclcpp_minimal_action_client:/home/aditya/install/examples_rclcpp_cbg_executor:/home/aditya/install/examples_rclcpp_async_client')]), 'shell': False}
[0.078182] (tutorial_interfaces) StdoutLine: {'line': b'-- Found ament_cmake: 1.3.9 (/opt/ros/humble/share/ament_cmake/cmake)\n'}
[0.097522] (-) TimerEvent: {}
[0.198046] (-) TimerEvent: {}
[0.298499] (-) TimerEvent: {}
[0.399000] (-) TimerEvent: {}
[0.499548] (-) TimerEvent: {}
[0.503370] (tutorial_interfaces) StdoutLine: {'line': b'-- Found ament_lint_auto: 0.12.11 (/opt/ros/humble/share/ament_lint_auto/cmake)\n'}
[0.600216] (-) TimerEvent: {}
[0.683854] (tutorial_interfaces) StderrLine: {'line': b"Error parsing '/home/aditya/ros2_ws/src/tutorial_interfaces/package.xml':\n"}
[0.700735] (-) TimerEvent: {}
[0.801287] (-) TimerEvent: {}
[0.821803] (tutorial_interfaces) StderrLine: {'line': b'Traceback (most recent call last):\n'}
[0.822141] (tutorial_interfaces) StderrLine: {'line': b'  File "/usr/lib/python3/dist-packages/catkin_pkg/package.py", line 610, in parse_package_string\n'}
[0.822578] (tutorial_interfaces) StderrLine: {'line': b'    root = dom.parseString(data)\n'}
[0.822856] (tutorial_interfaces) StderrLine: {'line': b'  File "/usr/lib/python3.10/xml/dom/minidom.py", line 2000, in parseString\n'}
[0.823249] (tutorial_interfaces) StderrLine: {'line': b'    return expatbuilder.parseString(string)\n'}
[0.823496] (tutorial_interfaces) StderrLine: {'line': b'  File "/usr/lib/python3.10/xml/dom/expatbuilder.py", line 925, in parseString\n'}
[0.824001] (tutorial_interfaces) StderrLine: {'line': b'    return builder.parseString(string)\n'}
[0.824215] (tutorial_interfaces) StderrLine: {'line': b'  File "/usr/lib/python3.10/xml/dom/expatbuilder.py", line 223, in parseString\n'}
[0.824501] (tutorial_interfaces) StderrLine: {'line': b'    parser.Parse(string, True)\n'}
[0.824745] (tutorial_interfaces) StderrLine: {'line': b'xml.parsers.expat.ExpatError: junk after document element: line 19, column 3\n'}
[0.824903] (tutorial_interfaces) StderrLine: {'line': b'\n'}
[0.825052] (tutorial_interfaces) StderrLine: {'line': b'During handling of the above exception, another exception occurred:\n'}
[0.825201] (tutorial_interfaces) StderrLine: {'line': b'\n'}
[0.825494] (tutorial_interfaces) StderrLine: {'line': b'Traceback (most recent call last):\n'}
[0.825701] (tutorial_interfaces) StderrLine: {'line': b'  File "/opt/ros/humble/share/ament_cmake_core/cmake/core/package_xml_2_cmake.py", line 150, in <module>\n'}
[0.825854] (tutorial_interfaces) StderrLine: {'line': b'    main()\n'}
[0.826004] (tutorial_interfaces) StderrLine: {'line': b'  File "/opt/ros/humble/share/ament_cmake_core/cmake/core/package_xml_2_cmake.py", line 53, in main\n'}
[0.826155] (tutorial_interfaces) StderrLine: {'line': b'    raise e\n'}
[0.826303] (tutorial_interfaces) StderrLine: {'line': b'  File "/opt/ros/humble/share/ament_cmake_core/cmake/core/package_xml_2_cmake.py", line 49, in main\n'}
[0.826453] (tutorial_interfaces) StderrLine: {'line': b'    package = parse_package_string(\n'}
[0.826706] (tutorial_interfaces) StderrLine: {'line': b'  File "/usr/lib/python3/dist-packages/catkin_pkg/package.py", line 612, in parse_package_string\n'}
[0.827191] (tutorial_interfaces) StderrLine: {'line': b"    raise InvalidPackage('The manifest contains invalid XML:\\n%s' % ex, filename)\n"}
[0.837021] (tutorial_interfaces) StderrLine: {'line': b"catkin_pkg.package.InvalidPackage: Error(s) in package '/home/aditya/ros2_ws/src/tutorial_interfaces/package.xml':\n"}
[0.837901] (tutorial_interfaces) StderrLine: {'line': b'The manifest contains invalid XML:\n'}
[0.838419] (tutorial_interfaces) StderrLine: {'line': b'junk after document element: line 19, column 3\n'}
[0.862640] (tutorial_interfaces) StderrLine: {'line': b'\x1b[31mCMake Error at /opt/ros/humble/share/ament_cmake_core/cmake/core/ament_package_xml.cmake:95 (message):\n'}
[0.863064] (tutorial_interfaces) StderrLine: {'line': b'  execute_process(/usr/bin/python3\n'}
[0.863230] (tutorial_interfaces) StderrLine: {'line': b'  /opt/ros/humble/share/ament_cmake_core/cmake/core/package_xml_2_cmake.py\n'}
[0.863384] (tutorial_interfaces) StderrLine: {'line': b'  /home/aditya/ros2_ws/src/tutorial_interfaces/package.xml\n'}
[0.863536] (tutorial_interfaces) StderrLine: {'line': b'  /home/aditya/ros2_ws/build/tutorial_interfaces/ament_cmake_core/package.cmake)\n'}
[0.863836] (tutorial_interfaces) StderrLine: {'line': b'  returned error code 1\n'}
[0.864096] (tutorial_interfaces) StderrLine: {'line': b'Call Stack (most recent call first):\n'}
[0.864250] (tutorial_interfaces) StderrLine: {'line': b'  /opt/ros/humble/share/ament_cmake_core/cmake/core/ament_package_xml.cmake:49 (_ament_package_xml)\n'}
[0.864411] (tutorial_interfaces) StderrLine: {'line': b'  /opt/ros/humble/share/ament_lint_auto/cmake/ament_lint_auto_find_test_dependencies.cmake:31 (ament_package_xml)\n'}
[0.864560] (tutorial_interfaces) StderrLine: {'line': b'  CMakeLists.txt:23 (ament_lint_auto_find_test_dependencies)\n'}
[0.864773] (tutorial_interfaces) StderrLine: {'line': b'\n'}
[0.864922] (tutorial_interfaces) StderrLine: {'line': b'\x1b[0m\n'}
[0.865069] (tutorial_interfaces) StdoutLine: {'line': b'-- Configuring incomplete, errors occurred!\n'}
[0.865228] (tutorial_interfaces) StdoutLine: {'line': b'See also "/home/aditya/ros2_ws/build/tutorial_interfaces/CMakeFiles/CMakeOutput.log".\n'}
[0.871760] (tutorial_interfaces) CommandEnded: {'returncode': 1}
[0.872534] (tutorial_interfaces) JobEnded: {'identifier': 'tutorial_interfaces', 'rc': 1}
[0.883432] (-) EventReactorShutdown: {}
