[0.000000] (-) TimerEvent: {}
[0.000627] (-) JobUnselected: {'identifier': 'examples_rclcpp_async_client'}
[0.000699] (-) JobUnselected: {'identifier': 'examples_rclcpp_cbg_executor'}
[0.000796] (-) JobUnselected: {'identifier': 'examples_rclcpp_minimal_action_client'}
[0.000865] (-) JobUnselected: {'identifier': 'examples_rclcpp_minimal_action_server'}
[0.000912] (-) JobUnselected: {'identifier': 'examples_rclcpp_minimal_client'}
[0.000967] (-) JobUnselected: {'identifier': 'examples_rclcpp_minimal_composition'}
[0.001021] (-) JobUnselected: {'identifier': 'examples_rclcpp_minimal_publisher'}
[0.001074] (-) JobUnselected: {'identifier': 'examples_rclcpp_minimal_service'}
[0.001128] (-) JobUnselected: {'identifier': 'examples_rclcpp_minimal_subscriber'}
[0.001181] (-) JobUnselected: {'identifier': 'examples_rclcpp_minimal_timer'}
[0.003040] (-) JobUnselected: {'identifier': 'examples_rclcpp_multithreaded_executor'}
[0.003128] (-) JobUnselected: {'identifier': 'examples_rclcpp_wait_set'}
[0.003171] (-) JobUnselected: {'identifier': 'examples_rclpy_executors'}
[0.003200] (-) JobUnselected: {'identifier': 'examples_rclpy_guard_conditions'}
[0.003225] (-) JobUnselected: {'identifier': 'examples_rclpy_minimal_action_client'}
[0.003250] (-) JobUnselected: {'identifier': 'examples_rclpy_minimal_action_server'}
[0.003274] (-) JobUnselected: {'identifier': 'examples_rclpy_minimal_client'}
[0.003297] (-) JobUnselected: {'identifier': 'examples_rclpy_minimal_publisher'}
[0.003320] (-) JobUnselected: {'identifier': 'examples_rclpy_minimal_service'}
[0.003346] (-) JobUnselected: {'identifier': 'examples_rclpy_minimal_subscriber'}
[0.003369] (-) JobUnselected: {'identifier': 'examples_rclpy_pointcloud_publisher'}
[0.003501] (-) JobUnselected: {'identifier': 'launch_testing_examples'}
[0.003568] (-) JobUnselected: {'identifier': 'my_package'}
[0.003626] (-) JobUnselected: {'identifier': 'py_pubsub'}
[0.003716] (-) JobUnselected: {'identifier': 'py_srvcli'}
[0.003782] (-) JobUnselected: {'identifier': 'turtlesim'}
[0.003843] (tutorial_interfaces) JobQueued: {'identifier': 'tutorial_interfaces', 'dependencies': OrderedDict()}
[0.003896] (tutorial_interfaces) JobStarted: {'identifier': 'tutorial_interfaces'}
[0.072950] (tutorial_interfaces) JobProgress: {'identifier': 'tutorial_interfaces', 'progress': 'cmake'}
[0.073409] (tutorial_interfaces) Command: {'cmd': ['/usr/bin/cmake', '/home/aditya/ros2_ws/src/tutorial_interfaces', '-DCMAKE_INSTALL_PREFIX=/home/aditya/ros2_ws/install/tutorial_interfaces'], 'cwd': '/home/aditya/ros2_ws/build/tutorial_interfaces', 'env': OrderedDict([('LESSOPEN', '| /usr/bin/lesspipe %s'), ('LANGUAGE', 'en_IN:en'), ('USER', 'aditya'), ('XDG_SESSION_TYPE', 'wayland'), ('SHLVL', '1'), ('LD_LIBRARY_PATH', '/home/aditya/install/examples_rclcpp_wait_set/lib:/home/aditya/install/examples_rclcpp_minimal_subscriber/lib:/home/aditya/install/examples_rclcpp_minimal_composition/lib:/opt/ros/humble/opt/rviz_ogre_vendor/lib:/opt/ros/humble/lib/x86_64-linux-gnu:/opt/ros/humble/lib'), ('HOME', '/home/aditya'), ('OLDPWD', '/home/aditya'), ('DESKTOP_SESSION', 'ubuntu'), ('ROS_PYTHON_VERSION', '3'), ('GNOME_SHELL_SESSION_MODE', 'ubuntu'), ('GTK_MODULES', 'gail:atk-bridge'), ('SYSTEMD_EXEC_PID', '3765'), ('DBUS_SESSION_BUS_ADDRESS', 'unix:path=/run/user/1000/bus'), ('COLORTERM', 'truecolor'), ('IM_CONFIG_PHASE', '1'), ('WAYLAND_DISPLAY', 'wayland-0'), ('COLCON_PREFIX_PATH', '/home/aditya/ros2_ws/install:/home/aditya/install'), ('ROS_DISTRO', 'humble'), ('LOGNAME', 'aditya'), ('_', '/usr/bin/colcon'), ('ROS_VERSION', '2'), ('XDG_SESSION_CLASS', 'user'), ('USERNAME', 'aditya'), ('TERM', 'xterm-256color'), ('GNOME_DESKTOP_SESSION_ID', 'this-is-deprecated'), ('ROS_LOCALHOST_ONLY', '0'), ('PATH', '/opt/ros/humble/bin:/usr/local/sbin:/usr/local/bin:/usr/sbin:/usr/bin:/sbin:/bin:/usr/games:/usr/local/games:/snap/bin:/snap/bin'), ('SESSION_MANAGER', 'local/ubuntu22:@/tmp/.ICE-unix/2689,unix/ubuntu22:/tmp/.ICE-unix/2689'), ('XDG_MENU_PREFIX', 'gnome-'), ('GNOME_TERMINAL_SCREEN', '/org/gnome/Terminal/screen/f3a62dc7_cb34_4211_94b0_c6f2c25bdad5'), ('GNOME_SETUP_DISPLAY', ':1'), ('XDG_RUNTIME_DIR', '/run/user/1000'), ('DISPLAY', ':0'), ('LANG', 'en_US.UTF-8'), ('XDG_CURRENT_DESKTOP', 'ubuntu:GNOME'), ('XMODIFIERS', '@im=ibus'), ('XDG_SESSION_DESKTOP', 'ubuntu'), ('XAUTHORITY', '/run/user/1000/.mutter-Xwaylandauth.EDI6P2'), ('LS_COLORS', 'rs=0:di=01;34:ln=01;36:mh=00:pi=40;33:so=01;35:do=01;35:bd=40;33;01:cd=40;33;01:or=40;31;01:mi=00:su=37;41:sg=30;43:ca=30;41:tw=30;42:ow=34;42:st=37;44:ex=01;32:*.tar=01;31:*.tgz=01;31:*.arc=01;31:*.arj=01;31:*.taz=01;31:*.lha=01;31:*.lz4=01;31:*.lzh=01;31:*.lzma=01;31:*.tlz=01;31:*.txz=01;31:*.tzo=01;31:*.t7z=01;31:*.zip=01;31:*.z=01;31:*.dz=01;31:*.gz=01;31:*.lrz=01;31:*.lz=01;31:*.lzo=01;31:*.xz=01;31:*.zst=01;31:*.tzst=01;31:*.bz2=01;31:*.bz=01;31:*.tbz=01;31:*.tbz2=01;31:*.tz=01;31:*.deb=01;31:*.rpm=01;31:*.jar=01;31:*.war=01;31:*.ear=01;31:*.sar=01;31:*.rar=01;31:*.alz=01;31:*.ace=01;31:*.zoo=01;31:*.cpio=01;31:*.7z=01;31:*.rz=01;31:*.cab=01;31:*.wim=01;31:*.swm=01;31:*.dwm=01;31:*.esd=01;31:*.jpg=01;35:*.jpeg=01;35:*.mjpg=01;35:*.mjpeg=01;35:*.gif=01;35:*.bmp=01;35:*.pbm=01;35:*.pgm=01;35:*.ppm=01;35:*.tga=01;35:*.xbm=01;35:*.xpm=01;35:*.tif=01;35:*.tiff=01;35:*.png=01;35:*.svg=01;35:*.svgz=01;35:*.mng=01;35:*.pcx=01;35:*.mov=01;35:*.mpg=01;35:*.mpeg=01;35:*.m2v=01;35:*.mkv=01;35:*.webm=01;35:*.webp=01;35:*.ogm=01;35:*.mp4=01;35:*.m4v=01;35:*.mp4v=01;35:*.vob=01;35:*.qt=01;35:*.nuv=01;35:*.wmv=01;35:*.asf=01;35:*.rm=01;35:*.rmvb=01;35:*.flc=01;35:*.avi=01;35:*.fli=01;35:*.flv=01;35:*.gl=01;35:*.dl=01;35:*.xcf=01;35:*.xwd=01;35:*.yuv=01;35:*.cgm=01;35:*.emf=01;35:*.ogv=01;35:*.ogx=01;35:*.aac=00;36:*.au=00;36:*.flac=00;36:*.m4a=00;36:*.mid=00;36:*.midi=00;36:*.mka=00;36:*.mp3=00;36:*.mpc=00;36:*.ogg=00;36:*.ra=00;36:*.wav=00;36:*.oga=00;36:*.opus=00;36:*.spx=00;36:*.xspf=00;36:'), ('GNOME_TERMINAL_SERVICE', ':1.117'), ('SSH_AGENT_LAUNCHER', 'gnome-keyring'), ('SSH_AUTH_SOCK', '/run/user/1000/keyring/ssh'), ('AMENT_PREFIX_PATH', '/home/aditya/ros2_ws/install/py_srvcli:/home/aditya/ros2_ws/install/py_pubsub:/home/aditya/ros2_ws/install/my_package:/home/aditya/ros2_ws/install/examples_rclcpp_async_client:/home/aditya/install/launch_testing_examples:/home/aditya/install/examples_rclpy_pointcloud_publisher:/home/aditya/install/examples_rclpy_minimal_subscriber:/home/aditya/install/examples_rclpy_minimal_service:/home/aditya/install/examples_rclpy_minimal_publisher:/home/aditya/install/examples_rclpy_minimal_client:/home/aditya/install/examples_rclpy_minimal_action_server:/home/aditya/install/examples_rclpy_minimal_action_client:/home/aditya/install/examples_rclpy_guard_conditions:/home/aditya/install/examples_rclpy_executors:/home/aditya/install/examples_rclcpp_wait_set:/home/aditya/install/examples_rclcpp_multithreaded_executor:/home/aditya/install/examples_rclcpp_minimal_timer:/home/aditya/install/examples_rclcpp_minimal_subscriber:/home/aditya/install/examples_rclcpp_minimal_service:/home/aditya/install/examples_rclcpp_minimal_publisher:/home/aditya/install/examples_rclcpp_minimal_composition:/home/aditya/install/examples_rclcpp_minimal_client:/home/aditya/install/examples_rclcpp_minimal_action_server:/home/aditya/install/examples_rclcpp_minimal_action_client:/home/aditya/install/examples_rclcpp_cbg_executor:/home/aditya/install/examples_rclcpp_async_client:/opt/ros/humble'), ('SHELL', '/bin/bash'), ('QT_ACCESSIBILITY', '1'), ('GDMSESSION', 'ubuntu'), ('LESSCLOSE', '/usr/bin/lesspipe %s %s'), ('QT_IM_MODULE', 'ibus'), ('PWD', '/home/aditya/ros2_ws/build/tutorial_interfaces'), ('LC_ALL', 'en_US.UTF-8'), ('XDG_CONFIG_DIRS', '/etc/xdg/xdg-ubuntu:/etc/xdg'), ('XDG_DATA_DIRS', '/usr/share/ubuntu:/usr/local/share/:/usr/share/:/var/lib/snapd/desktop'), ('PYTHONPATH', '/home/aditya/ros2_ws/install/py_srvcli/lib/python3.10/site-packages:/home/aditya/ros2_ws/install/py_pubsub/lib/python3.10/site-packages:/home/aditya/ros2_ws/install/my_package/lib/python3.10/site-packages:/home/aditya/build/launch_testing_examples:/home/aditya/install/launch_testing_examples/lib/python3.10/site-packages:/home/aditya/build/examples_rclpy_pointcloud_publisher:/home/aditya/install/examples_rclpy_pointcloud_publisher/lib/python3.10/site-packages:/home/aditya/build/examples_rclpy_minimal_subscriber:/home/aditya/install/examples_rclpy_minimal_subscriber/lib/python3.10/site-packages:/home/aditya/build/examples_rclpy_minimal_service:/home/aditya/install/examples_rclpy_minimal_service/lib/python3.10/site-packages:/home/aditya/build/examples_rclpy_minimal_publisher:/home/aditya/install/examples_rclpy_minimal_publisher/lib/python3.10/site-packages:/home/aditya/build/examples_rclpy_minimal_client:/home/aditya/install/examples_rclpy_minimal_client/lib/python3.10/site-packages:/home/aditya/build/examples_rclpy_minimal_action_server:/home/aditya/install/examples_rclpy_minimal_action_server/lib/python3.10/site-packages:/home/aditya/build/examples_rclpy_minimal_action_client:/home/aditya/install/examples_rclpy_minimal_action_client/lib/python3.10/site-packages:/home/aditya/build/examples_rclpy_guard_conditions:/home/aditya/install/examples_rclpy_guard_conditions/lib/python3.10/site-packages:/home/aditya/build/examples_rclpy_executors:/home/aditya/install/examples_rclpy_executors/lib/python3.10/site-packages:/opt/ros/humble/lib/python3.10/site-packages:/opt/ros/humble/local/lib/python3.10/dist-packages'), ('COLCON', '1'), ('VTE_VERSION', '6800'), ('CMAKE_PREFIX_PATH', '/home/aditya/ros2_ws/install/examples_rclcpp_async_client:/home/aditya/install/examples_rclcpp_wait_set:/home/aditya/install/examples_rclcpp_multithreaded_executor:/home/aditya/install/examples_rclcpp_minimal_timer:/home/aditya/install/examples_rclcpp_minimal_subscriber:/home/aditya/install/examples_rclcpp_minimal_service:/home/aditya/install/examples_rclcpp_minimal_publisher:/home/aditya/install/examples_rclcpp_minimal_composition:/home/aditya/install/examples_rclcpp_minimal_client:/home/aditya/install/examples_rclcpp_minimal_action_server:/home/aditya/install/examples_rclcpp_minimal_action_client:/home/aditya/install/examples_rclcpp_cbg_executor:/home/aditya/install/examples_rclcpp_async_client')]), 'shell': False}
[0.102388] (-) TimerEvent: {}
[0.202939] (-) TimerEvent: {}
[0.303985] (-) TimerEvent: {}
[0.405390] (-) TimerEvent: {}
[0.506174] (-) TimerEvent: {}
[0.606807] (-) TimerEvent: {}
[0.702440] (tutorial_interfaces) StdoutLine: {'line': b'-- The C compiler identification is GNU 11.4.0\n'}
[0.707000] (-) TimerEvent: {}
[0.807583] (-) TimerEvent: {}
[0.908285] (-) TimerEvent: {}
[1.008981] (-) TimerEvent: {}
[1.063955] (tutorial_interfaces) StdoutLine: {'line': b'-- The CXX compiler identification is GNU 11.4.0\n'}
[1.100140] (tutorial_interfaces) StdoutLine: {'line': b'-- Detecting C compiler ABI info\n'}
[1.109365] (-) TimerEvent: {}
[1.210148] (-) TimerEvent: {}
[1.312172] (-) TimerEvent: {}
[1.406628] (tutorial_interfaces) StdoutLine: {'line': b'-- Detecting C compiler ABI info - done\n'}
[1.413195] (-) TimerEvent: {}
[1.437296] (tutorial_interfaces) StdoutLine: {'line': b'-- Check for working C compiler: /usr/bin/cc - skipped\n'}
[1.438606] (tutorial_interfaces) StdoutLine: {'line': b'-- Detecting C compile features\n'}
[1.443412] (tutorial_interfaces) StdoutLine: {'line': b'-- Detecting C compile features - done\n'}
[1.454849] (tutorial_interfaces) StdoutLine: {'line': b'-- Detecting CXX compiler ABI info\n'}
[1.522377] (-) TimerEvent: {}
[1.622827] (-) TimerEvent: {}
[1.723962] (-) TimerEvent: {}
[1.794404] (tutorial_interfaces) StdoutLine: {'line': b'-- Detecting CXX compiler ABI info - done\n'}
[1.824265] (-) TimerEvent: {}
[1.846819] (tutorial_interfaces) StdoutLine: {'line': b'-- Check for working CXX compiler: /usr/bin/c++ - skipped\n'}
[1.848659] (tutorial_interfaces) StdoutLine: {'line': b'-- Detecting CXX compile features\n'}
[1.852523] (tutorial_interfaces) StdoutLine: {'line': b'-- Detecting CXX compile features - done\n'}
[1.921257] (tutorial_interfaces) StdoutLine: {'line': b'-- Found ament_cmake: 1.3.9 (/opt/ros/humble/share/ament_cmake/cmake)\n'}
[1.924373] (-) TimerEvent: {}
[2.024882] (-) TimerEvent: {}
[2.125407] (-) TimerEvent: {}
[2.226008] (-) TimerEvent: {}
[2.329943] (-) TimerEvent: {}
[2.431855] (-) TimerEvent: {}
[2.532485] (-) TimerEvent: {}
[2.585261] (tutorial_interfaces) StdoutLine: {'line': b'-- Found Python3: /usr/bin/python3 (found version "3.10.12") found components: Interpreter \n'}
[2.632718] (-) TimerEvent: {}
[2.733252] (-) TimerEvent: {}
[2.833753] (-) TimerEvent: {}
[2.934263] (-) TimerEvent: {}
[3.034881] (-) TimerEvent: {}
[3.128405] (tutorial_interfaces) StdoutLine: {'line': b'-- Found ament_lint_auto: 0.12.11 (/opt/ros/humble/share/ament_lint_auto/cmake)\n'}
[3.135668] (-) TimerEvent: {}
[3.236239] (-) TimerEvent: {}
[3.336793] (-) TimerEvent: {}
[3.351505] (tutorial_interfaces) StderrLine: {'line': b"Error parsing '/home/aditya/ros2_ws/src/tutorial_interfaces/package.xml':\n"}
[3.437342] (-) TimerEvent: {}
[3.538592] (-) TimerEvent: {}
[3.542926] (tutorial_interfaces) StderrLine: {'line': b'Traceback (most recent call last):\n'}
[3.543299] (tutorial_interfaces) StderrLine: {'line': b'  File "/usr/lib/python3/dist-packages/catkin_pkg/package.py", line 610, in parse_package_string\n'}
[3.544828] (tutorial_interfaces) StderrLine: {'line': b'    root = dom.parseString(data)\n'}
[3.545331] (tutorial_interfaces) StderrLine: {'line': b'  File "/usr/lib/python3.10/xml/dom/minidom.py", line 2000, in parseString\n'}
[3.547874] (tutorial_interfaces) StderrLine: {'line': b'    return expatbuilder.parseString(string)\n'}
[3.548752] (tutorial_interfaces) StderrLine: {'line': b'  File "/usr/lib/python3.10/xml/dom/expatbuilder.py", line 925, in parseString\n'}
[3.549774] (tutorial_interfaces) StderrLine: {'line': b'    return builder.parseString(string)\n'}
[3.550081] (tutorial_interfaces) StderrLine: {'line': b'  File "/usr/lib/python3.10/xml/dom/expatbuilder.py", line 223, in parseString\n'}
[3.550620] (tutorial_interfaces) StderrLine: {'line': b'    parser.Parse(string, True)\n'}
[3.551145] (tutorial_interfaces) StderrLine: {'line': b'xml.parsers.expat.ExpatError: junk after document element: line 19, column 3\n'}
[3.551437] (tutorial_interfaces) StderrLine: {'line': b'\n'}
[3.551732] (tutorial_interfaces) StderrLine: {'line': b'During handling of the above exception, another exception occurred:\n'}
[3.551894] (tutorial_interfaces) StderrLine: {'line': b'\n'}
[3.552091] (tutorial_interfaces) StderrLine: {'line': b'Traceback (most recent call last):\n'}
[3.552247] (tutorial_interfaces) StderrLine: {'line': b'  File "/opt/ros/humble/share/ament_cmake_core/cmake/core/package_xml_2_cmake.py", line 150, in <module>\n'}
[3.552398] (tutorial_interfaces) StderrLine: {'line': b'    main()\n'}
[3.552548] (tutorial_interfaces) StderrLine: {'line': b'  File "/opt/ros/humble/share/ament_cmake_core/cmake/core/package_xml_2_cmake.py", line 53, in main\n'}
[3.552698] (tutorial_interfaces) StderrLine: {'line': b'    raise e\n'}
[3.552847] (tutorial_interfaces) StderrLine: {'line': b'  File "/opt/ros/humble/share/ament_cmake_core/cmake/core/package_xml_2_cmake.py", line 49, in main\n'}
[3.553063] (tutorial_interfaces) StderrLine: {'line': b'    package = parse_package_string(\n'}
[3.553226] (tutorial_interfaces) StderrLine: {'line': b'  File "/usr/lib/python3/dist-packages/catkin_pkg/package.py", line 612, in parse_package_string\n'}
[3.553388] (tutorial_interfaces) StderrLine: {'line': b"    raise InvalidPackage('The manifest contains invalid XML:\\n%s' % ex, filename)\n"}
[3.553540] (tutorial_interfaces) StderrLine: {'line': b"catkin_pkg.package.InvalidPackage: Error(s) in package '/home/aditya/ros2_ws/src/tutorial_interfaces/package.xml':\n"}
[3.553692] (tutorial_interfaces) StderrLine: {'line': b'The manifest contains invalid XML:\n'}
[3.553842] (tutorial_interfaces) StderrLine: {'line': b'junk after document element: line 19, column 3\n'}
[3.591917] (tutorial_interfaces) StderrLine: {'line': b'\x1b[31mCMake Error at /opt/ros/humble/share/ament_cmake_core/cmake/core/ament_package_xml.cmake:95 (message):\n'}
[3.592327] (tutorial_interfaces) StderrLine: {'line': b'  execute_process(/usr/bin/python3\n'}
[3.592499] (tutorial_interfaces) StderrLine: {'line': b'  /opt/ros/humble/share/ament_cmake_core/cmake/core/package_xml_2_cmake.py\n'}
[3.592673] (tutorial_interfaces) StderrLine: {'line': b'  /home/aditya/ros2_ws/src/tutorial_interfaces/package.xml\n'}
[3.592826] (tutorial_interfaces) StderrLine: {'line': b'  /home/aditya/ros2_ws/build/tutorial_interfaces/ament_cmake_core/package.cmake)\n'}
[3.593026] (tutorial_interfaces) StderrLine: {'line': b'  returned error code 1\n'}
[3.593192] (tutorial_interfaces) StderrLine: {'line': b'Call Stack (most recent call first):\n'}
[3.593341] (tutorial_interfaces) StderrLine: {'line': b'  /opt/ros/humble/share/ament_cmake_core/cmake/core/ament_package_xml.cmake:49 (_ament_package_xml)\n'}
[3.593490] (tutorial_interfaces) StderrLine: {'line': b'  /opt/ros/humble/share/ament_lint_auto/cmake/ament_lint_auto_find_test_dependencies.cmake:31 (ament_package_xml)\n'}
[3.593640] (tutorial_interfaces) StderrLine: {'line': b'  CMakeLists.txt:23 (ament_lint_auto_find_test_dependencies)\n'}
[3.593789] (tutorial_interfaces) StderrLine: {'line': b'\n'}
[3.593973] (tutorial_interfaces) StderrLine: {'line': b'\x1b[0m\n'}
[3.594354] (tutorial_interfaces) StdoutLine: {'line': b'-- Configuring incomplete, errors occurred!\n'}
[3.594549] (tutorial_interfaces) StdoutLine: {'line': b'See also "/home/aditya/ros2_ws/build/tutorial_interfaces/CMakeFiles/CMakeOutput.log".\n'}
[3.603964] (tutorial_interfaces) CommandEnded: {'returncode': 1}
[3.604455] (tutorial_interfaces) JobEnded: {'identifier': 'tutorial_interfaces', 'rc': 1}
[3.616015] (-) EventReactorShutdown: {}
